// Jest Snapshot v1, https://goo.gl/fbAQLP

exports[`basic tests initializes and can list libraries 1`] = `
Array [
  LibraryName {
    "machineName": "Drop",
    "majorVersion": 1,
    "minorVersion": 0,
  },
  LibraryName {
    "machineName": "EmbeddedJS",
    "majorVersion": 1,
    "minorVersion": 0,
  },
  LibraryName {
    "machineName": "FontAwesome",
    "majorVersion": 4,
    "minorVersion": 5,
  },
  LibraryName {
    "machineName": "H5P.AdvancedText",
    "majorVersion": 1,
    "minorVersion": 1,
  },
  LibraryName {
    "machineName": "H5P.Blanks",
    "majorVersion": 1,
    "minorVersion": 14,
  },
  LibraryName {
    "machineName": "H5P.CKEditor",
    "majorVersion": 1,
    "minorVersion": 0,
  },
  LibraryName {
    "machineName": "H5P.DragNBar",
    "majorVersion": 1,
    "minorVersion": 5,
  },
  LibraryName {
    "machineName": "H5P.DragNDrop",
    "majorVersion": 1,
    "minorVersion": 1,
  },
  LibraryName {
    "machineName": "H5P.DragNResize",
    "majorVersion": 1,
    "minorVersion": 2,
  },
  LibraryName {
    "machineName": "H5P.DragQuestion",
    "majorVersion": 1,
    "minorVersion": 14,
  },
  LibraryName {
    "machineName": "H5P.DragText",
    "majorVersion": 1,
    "minorVersion": 10,
  },
  LibraryName {
    "machineName": "H5P.FontIcons",
    "majorVersion": 1,
    "minorVersion": 0,
  },
  LibraryName {
    "machineName": "H5P.FreeTextQuestion",
    "majorVersion": 1,
    "minorVersion": 0,
  },
  LibraryName {
    "machineName": "H5P.GoToQuestion",
    "majorVersion": 1,
    "minorVersion": 3,
  },
  LibraryName {
    "machineName": "H5P.GuidedTour",
    "majorVersion": 1,
    "minorVersion": 0,
  },
  LibraryName {
    "machineName": "H5P.IVHotspot",
    "majorVersion": 1,
    "minorVersion": 2,
  },
  LibraryName {
    "machineName": "H5P.Image",
    "majorVersion": 1,
    "minorVersion": 1,
  },
  LibraryName {
    "machineName": "H5P.InteractiveVideo",
    "majorVersion": 1,
    "minorVersion": 24,
  },
  LibraryName {
    "machineName": "H5P.JoubelUI",
    "majorVersion": 1,
    "minorVersion": 3,
  },
  LibraryName {
    "machineName": "H5P.Link",
    "majorVersion": 1,
    "minorVersion": 3,
  },
  LibraryName {
    "machineName": "H5P.MarkTheWords",
    "majorVersion": 1,
    "minorVersion": 11,
  },
  LibraryName {
    "machineName": "H5P.MultiChoice",
    "majorVersion": 1,
    "minorVersion": 16,
  },
  LibraryName {
    "machineName": "H5P.Nil",
    "majorVersion": 1,
    "minorVersion": 0,
  },
  LibraryName {
    "machineName": "H5P.OpenEndedQuestion",
    "majorVersion": 1,
    "minorVersion": 0,
  },
  LibraryName {
    "machineName": "H5P.Question",
    "majorVersion": 1,
    "minorVersion": 5,
  },
  LibraryName {
    "machineName": "H5P.Questionnaire",
    "majorVersion": 1,
    "minorVersion": 3,
  },
  LibraryName {
    "machineName": "H5P.SimpleMultiChoice",
    "majorVersion": 1,
    "minorVersion": 1,
  },
  LibraryName {
    "machineName": "H5P.SingleChoiceSet",
    "majorVersion": 1,
    "minorVersion": 11,
  },
  LibraryName {
    "machineName": "H5P.SoundJS",
    "majorVersion": 1,
    "minorVersion": 0,
  },
  LibraryName {
    "machineName": "H5P.Summary",
    "majorVersion": 1,
    "minorVersion": 10,
  },
  LibraryName {
    "machineName": "H5P.Table",
    "majorVersion": 1,
    "minorVersion": 1,
  },
  LibraryName {
    "machineName": "H5P.Text",
    "majorVersion": 1,
    "minorVersion": 1,
  },
  LibraryName {
    "machineName": "H5P.TextUtilities",
    "majorVersion": 1,
    "minorVersion": 3,
  },
  LibraryName {
    "machineName": "H5P.Transition",
    "majorVersion": 1,
    "minorVersion": 0,
  },
  LibraryName {
    "machineName": "H5P.TrueFalse",
    "majorVersion": 1,
    "minorVersion": 8,
  },
  LibraryName {
    "machineName": "H5P.Video",
    "majorVersion": 1,
    "minorVersion": 6,
  },
  LibraryName {
    "machineName": "H5PEditor.ColorSelector",
    "majorVersion": 1,
    "minorVersion": 3,
  },
  LibraryName {
    "machineName": "H5PEditor.DragQuestion",
    "majorVersion": 1,
    "minorVersion": 10,
  },
  LibraryName {
    "machineName": "H5PEditor.Duration",
    "majorVersion": 1,
    "minorVersion": 1,
  },
  LibraryName {
    "machineName": "H5PEditor.InteractiveVideo",
    "majorVersion": 1,
    "minorVersion": 24,
  },
  LibraryName {
    "machineName": "H5PEditor.RadioGroup",
    "majorVersion": 1,
    "minorVersion": 1,
  },
  LibraryName {
    "machineName": "H5PEditor.RangeList",
    "majorVersion": 1,
    "minorVersion": 0,
  },
  LibraryName {
    "machineName": "H5PEditor.SelectToggleFields",
    "majorVersion": 1,
    "minorVersion": 1,
  },
  LibraryName {
    "machineName": "H5PEditor.ShowWhen",
    "majorVersion": 1,
    "minorVersion": 0,
  },
  LibraryName {
    "machineName": "H5PEditor.SingleChoiceSetTextualEditor",
    "majorVersion": 1,
    "minorVersion": 0,
  },
  LibraryName {
    "machineName": "H5PEditor.SummaryTextualEditor",
    "majorVersion": 1,
    "minorVersion": 1,
  },
  LibraryName {
    "machineName": "H5PEditor.TableList",
    "majorVersion": 1,
    "minorVersion": 0,
  },
  LibraryName {
    "machineName": "H5PEditor.Timecode",
    "majorVersion": 1,
    "minorVersion": 2,
  },
  LibraryName {
    "machineName": "H5PEditor.UrlField",
    "majorVersion": 1,
    "minorVersion": 2,
  },
  LibraryName {
    "machineName": "H5PEditor.VerticalTabs",
    "majorVersion": 1,
    "minorVersion": 3,
  },
  LibraryName {
    "machineName": "H5PEditor.Wizard",
    "majorVersion": 1,
    "minorVersion": 2,
  },
  LibraryName {
    "machineName": "Shepherd",
    "majorVersion": 1,
    "minorVersion": 0,
  },
  LibraryName {
    "machineName": "Tether",
    "majorVersion": 1,
    "minorVersion": 0,
  },
  LibraryName {
    "machineName": "jQuery.ui",
    "majorVersion": 1,
    "minorVersion": 10,
  },
]
`;
