// Jest Snapshot v1, https://goo.gl/fbAQLP

exports[`Interactive Video Converter can create IV 1`] = `
Object {
  "interactiveVideo": Object {
    "assets": Object {
      "bookmarks": Array [],
      "endscreens": Array [
        Object {
          "label": "4:22 Submit screen",
          "time": 262,
        },
      ],
      "interactions": Array [
        Array [
          Object {
            "action": Object {
              "library": "H5P.DragText 1.10",
              "metadata": Object {
                "authors": Array [],
                "changes": Array [],
                "contentType": "Drag the Word",
                "extraTitle": "Drag the Word: Ordering Events",
                "license": "U",
                "title": "Drag the Word: Ordering Events",
              },
              "params": Array [
                Object {
                  "a11yCheck": "Check the answers. The responses will be marked as correct, incorrect, or unanswered.",
                  "a11yRetry": "Retry the task. Reset all responses and start the task over again.",
                  "a11yShowSolution": "Show the solution. The task will be marked with its correct solution.",
                  "ariaDraggableIndex": "@index of @count draggables.",
                  "behaviour": Object {
                    "enableCheckButton": true,
                    "enableRetry": true,
                    "enableSolutionsButton": true,
                    "instantFeedback": false,
                  },
                  "cancelledDragging": "Cancelled dragging.",
                  "checkAnswer": "Check",
                  "contains": "Drop Zone @index contains draggable @draggable.",
                  "correctAnswer": "Correct answer:",
                  "correctText": "Correct!",
                  "dropZoneIndex": "Drop Zone @index.",
                  "empty": "Drop Zone @index is empty.",
                  "feedbackHeader": "Feedback",
                  "grabbed": "Draggable is grabbed.",
                  "incorrectText": "Incorrect!",
                  "media": Object {
                    "disableImageZooming": false,
                  },
                  "overallFeedback": Array [
                    Object {
                      "from": 0,
                      "to": 100,
                    },
                  ],
                  "resetDropDescription": "Are you sure you want to reset this drop zone?",
                  "resetDropTitle": "Reset drop",
                  "scoreBarLabel": "You got :num out of :total points",
                  "showSolution": "Show solution",
                  "submitAnswer": "Submit",
                  "taskDescription": "將單詞拖到正確嘅方格內。

zoeng1 daan1 ci4 to1 dou3 zing3 kok3 ge3 fong1 gaak3 noi6.

Drag the words into the correct boxes.",
                  "textField": "首先， 我*起身 hei2 san1*
sau2 sin1, ngo5 ___. 
First, I ___.

然後， 我*換衫 wun6 saam1*
jin4 hau6, ngo5 ___. 
Then, I ___.

跟住， 我*食包 sik6 baau1*
gan1 zyu6, ngo5 ___. 
After that, I ___.

最後， 我*搭車 daap3 ce1*
zeoi3 hau6, ngo5 ___. 
Finally, I ___.",
                  "tipLabel": "Show tip",
                  "tryAgain": "Retry",
                },
              ],
              "subContentId": "f3b5e8e1-3b59-4467-8b65-9cbdaee7ce3b",
            },
            "adaptivity": Object {
              "correct": Object {
                "allowOptOut": false,
                "message": undefined,
                "seekTo": undefined,
              },
              "requireCompletion": false,
              "wrong": Object {
                "allowOptOut": false,
                "message": "Try again",
                "seekTo": undefined,
              },
            },
            "buttonOnMobile": false,
            "displayType": "poster",
            "duration": Object {
              "from": 22.882,
              "to": 24.882,
            },
            "height": 22.494286348318848,
            "label": "Ordering Events",
            "libraryTitle": "Drag the Word",
            "pause": true,
            "width": 40,
            "x": 0,
            "y": 0,
          },
        ],
        Array [
          Object {
            "action": Object {
              "library": "H5P.FreeTextQuestion 1.0",
              "metadata": Object {
                "authors": Array [],
                "changes": Array [],
                "contentType": "Free Text Question",
                "extraTitle": "Free Text Question: Who went on the bus with you?",
                "license": "U",
                "title": "Free Text Question: Who went on the bus with you?",
              },
              "params": Array [
                Object {
                  "i10n": Object {
                    "language": "en",
                    "requiredMessage": "This question requires an answer",
                    "requiredText": "required",
                    "skipButtonLabel": "Skip Question",
                    "submitButtonLabel": "Answer and proceed",
                  },
                  "isRequired": false,
                  "maxScore": 1,
                  "placeholder": "媽媽 maa4 maa1 Mom
爸爸 baa4 baa1 Dad
﻿婆婆 po4 po2 Grandma
﻿爺爺 je4 je2 Grandpa",
                  "question": "邊個同你搭巴士?

bin1 go3 tung4 nei5 daap3 baa1 si2?

Who went on the bus with you?",
                },
              ],
              "subContentId": "90be36e0-47b9-4602-a8c4-7178259d83aa",
            },
            "adaptivity": Object {
              "correct": Object {
                "allowOptOut": false,
                "message": undefined,
                "seekTo": undefined,
              },
              "requireCompletion": false,
              "wrong": Object {
                "allowOptOut": false,
                "message": "Review slide 1",
                "seekTo": 29.87,
              },
            },
            "buttonOnMobile": false,
            "displayType": "poster",
            "duration": Object {
              "from": 29.87,
              "to": 31.87,
            },
            "height": 22.494286348318848,
            "label": "Who went on the bus with you?",
            "libraryTitle": "Free Text Question",
            "pause": true,
            "width": 40,
            "x": 0,
            "y": 0,
          },
        ],
        Array [
          Object {
            "action": Object {
              "library": "H5P.TrueFalse 1.8",
              "metadata": Object {
                "authors": Array [],
                "changes": Array [],
                "contentType": "True/False Question",
                "extraTitle": "True/False Question: 10 Minutes",
                "license": "U",
                "title": "True/False Question: 10 Minutes",
              },
              "params": Array [
                Object {
                  "behaviour": Object {
                    "autoCheck": false,
                    "confirmCheckDialog": false,
                    "confirmRetryDialog": false,
                    "enableCheckButton": true,
                    "enableRetry": true,
                    "enableSolutionsButton": false,
                  },
                  "confirmCheck": Object {
                    "body": "Are you sure you wish to finish ?",
                    "cancelLabel": "Cancel",
                    "confirmLabel": "Finish",
                    "header": "Finish ?",
                  },
                  "confirmRetry": Object {
                    "body": "Are you sure you wish to retry ?",
                    "cancelLabel": "Cancel",
                    "confirmLabel": "Confirm",
                    "header": "Retry ?",
                  },
                  "correct": "true",
                  "l10n": Object {
                    "a11yCheck": "Check the answers. The responses will be marked as correct, incorrect, or unanswered.",
                    "a11yRetry": "Retry the task. Reset all responses and start the task over again.",
                    "a11yShowSolution": "Show the solution. The task will be marked with its correct solution.",
                    "checkAnswer": "Check",
                    "correctAnswerMessage": "Correct answer",
                    "falseText": "False",
                    "score": "You got @score of @total points",
                    "scoreBarLabel": "You got :num out of :total points",
                    "showSolutionButton": "Show solution",
                    "submitAnswer": "Submit",
                    "trueText": "True",
                    "tryAgain": "Retry",
                    "wrongAnswerMessage": "Wrong answer",
                  },
                  "media": Object {
                    "disableImageZooming": false,
                  },
                  "question": "十分鐘之後有巴士.

sap6 fan1 zung1 zi1 hau6 jau5 baa1 si2.

There is a bus after 10 minutes.",
                },
              ],
              "subContentId": "e33f2a37-3767-4cd5-a908-019d45d819a2",
            },
            "adaptivity": Object {
              "correct": Object {
                "allowOptOut": false,
                "message": undefined,
                "seekTo": undefined,
              },
              "requireCompletion": false,
              "wrong": Object {
                "allowOptOut": false,
                "message": undefined,
                "seekTo": undefined,
              },
            },
            "buttonOnMobile": false,
            "displayType": "poster",
            "duration": Object {
              "from": 47,
              "to": 49,
            },
            "height": 22.494286348318848,
            "label": "10 Minutes",
            "libraryTitle": "True/False Question",
            "pause": true,
            "width": 40,
            "x": 0,
            "y": 0,
          },
        ],
        Array [
          Object {
            "action": Object {
              "library": "H5P.Blanks 1.14",
              "metadata": Object {
                "authors": Array [],
                "changes": Array [],
                "contentType": "Fill in the Blanks",
                "extraTitle": "Fill in the Blanks: Carry",
                "license": "U",
                "title": "Fill in the Blanks: Carry",
              },
              "params": Array [
                Object {
                  "a11yCheck": "Check the answers. The responses will be marked as correct, incorrect, or unanswered.",
                  "a11yCheckingModeHeader": "Checking mode",
                  "a11yRetry": "Retry the task. Reset all responses and start the task over again.",
                  "a11yShowSolution": "Show the solution. The task will be marked with its correct solution.",
                  "answerIsCorrect": "&#039;:ans&#039; is correct",
                  "answerIsWrong": "&#039;:ans&#039; is wrong",
                  "answeredCorrectly": "Answered correctly",
                  "answeredIncorrectly": "Answered incorrectly",
                  "behaviour": Object {
                    "acceptSpellingErrors": false,
                    "autoCheck": false,
                    "caseSensitive": true,
                    "confirmCheckDialog": false,
                    "confirmRetryDialog": false,
                    "enableCheckButton": true,
                    "enableRetry": true,
                    "enableSolutionsButton": true,
                    "separateLines": false,
                    "showSolutionsRequiresInput": true,
                  },
                  "checkAnswer": "Check",
                  "confirmCheck": Object {
                    "body": "Are you sure you wish to finish ?",
                    "cancelLabel": "Cancel",
                    "confirmLabel": "Finish",
                    "header": "Finish ?",
                  },
                  "confirmRetry": Object {
                    "body": "Are you sure you wish to retry ?",
                    "cancelLabel": "Cancel",
                    "confirmLabel": "Confirm",
                    "header": "Retry ?",
                  },
                  "inputHasTipLabel": "Tip available",
                  "inputLabel": "Blank input @num of @total",
                  "media": Object {
                    "disableImageZooming": false,
                  },
                  "notFilledOut": "Please fill in all blanks to view solution",
                  "overallFeedback": Array [
                    Object {
                      "from": 0,
                      "to": 100,
                    },
                  ],
                  "questions": Array [
                    "我冇位坐，又*孭/me1*住個大書包，唔係咁開心。

ngo5 mou5 wei2 co5, jau6 __ zyu6 go3 daai6 syu1 baau1, m4 hai6 gam3 hoi1 sam1.

I don't have a seat to sit at, and I have to _____ a big backpack. I'm not very happy.",
                  ],
                  "scoreBarLabel": "You got :num out of :total points",
                  "showSolutions": "Show solution",
                  "solutionLabel": "Correct answer:",
                  "submitAnswer": "Submit",
                  "text": "喺空格內填上適當嘅中文字或粵拼。

hai2 hung1 gaak3 noi6 tin4 soeng5 sik1 dong3 ge3 zung1 man4 zi6 waak6 jyut6 ping3

Fill in the missing word(s) with Chinese characters or Jyutping.",
                  "tipLabel": "Tip",
                  "tryAgain": "Retry",
                },
              ],
              "subContentId": "4564ee37-8279-40fd-ac8a-8fc55afec77f",
            },
            "adaptivity": Object {
              "correct": Object {
                "allowOptOut": false,
                "message": undefined,
                "seekTo": undefined,
              },
              "requireCompletion": false,
              "wrong": Object {
                "allowOptOut": false,
                "message": undefined,
                "seekTo": undefined,
              },
            },
            "buttonOnMobile": false,
            "displayType": "poster",
            "duration": Object {
              "from": 118.199,
              "to": 120.199,
            },
            "height": 22.494286348318848,
            "label": "Carry",
            "libraryTitle": "Fill in the Blanks",
            "pause": true,
            "width": 40,
            "x": 0,
            "y": 0,
          },
        ],
        Object {},
        Array [
          Object {
            "action": Object {
              "library": "H5P.FreeTextQuestion 1.0",
              "metadata": Object {
                "authors": Array [],
                "changes": Array [],
                "contentType": "Free Text Question",
                "extraTitle": "Free Text Question: How long does it take to get from your house to school?",
                "license": "U",
                "title": "Free Text Question: How long does it take to get from your house to school?",
              },
              "params": Array [
                Object {
                  "i10n": Object {
                    "language": "en",
                    "requiredMessage": "This question requires an answer",
                    "requiredText": "required",
                    "skipButtonLabel": "Skip Question",
                    "submitButtonLabel": "Answer and proceed",
                  },
                  "isRequired": false,
                  "maxScore": 1,
                  "placeholder": "十五分鐘; sap6 ng5 fan2 zung1; 15 minutes",
                  "question": "由你屋企到學校需要幾長時間？jau4 nei5 uk1 kei5 dou3 hok6 haau6 seoi1 jiu3 gei2 coeng4 si4 gaan3? How long does it take to get from your house to school?",
                },
              ],
              "subContentId": "c67f0989-77d4-4c28-a5ac-913c0f91ebfe",
            },
            "adaptivity": Object {
              "correct": Object {
                "allowOptOut": false,
                "message": undefined,
                "seekTo": undefined,
              },
              "requireCompletion": false,
              "wrong": Object {
                "allowOptOut": false,
                "message": undefined,
                "seekTo": undefined,
              },
            },
            "buttonOnMobile": false,
            "displayType": "poster",
            "duration": Object {
              "from": 253,
              "to": 255,
            },
            "height": 22.494286348318848,
            "label": "How long does it take to get from your house to school?",
            "libraryTitle": "Free Text Question",
            "pause": true,
            "width": 40,
            "x": 0,
            "y": 0,
          },
        ],
        Array [
          Object {
            "action": Object {
              "library": "H5P.MultiChoice 1.16",
              "metadata": Object {
                "authors": Array [],
                "changes": Array [],
                "contentType": "Multiple Choice",
                "extraTitle": "Multiple Choice: Who took the bus?",
                "license": "U",
                "title": "Multiple Choice: Who took the bus?",
              },
              "params": Array [
                Object {
                  "UI": Object {
                    "a11yCheck": "Check the answers. The responses will be marked as correct, incorrect, or unanswered.",
                    "a11yRetry": "Retry the task. Reset all responses and start the task over again.",
                    "a11yShowSolution": "Show the solution. The task will be marked with its correct solution.",
                    "checkAnswerButton": "Check",
                    "correctAnswer": "Correct answer",
                    "feedbackAvailable": "Feedback available",
                    "noInput": "Please answer before viewing the solution",
                    "readFeedback": "Read feedback",
                    "scoreBarLabel": "You got :num out of :total points",
                    "shouldCheck": "Should have been checked",
                    "shouldNotCheck": "Should not have been checked",
                    "showSolutionButton": "Show solution",
                    "submitAnswerButton": "Submit",
                    "tipAvailable": "Tip available",
                    "tipsLabel": "Show tip",
                    "tryAgainButton": "Retry",
                    "wrongAnswer": "Wrong answer",
                  },
                  "answers": Array [
                    Object {
                      "correct": true,
                      "text": "我 ngo5 Me",
                      "tipsAndFeedback": Object {
                        "chosenFeedback": "",
                        "notChosenFeedback": "",
                        "tip": "",
                      },
                    },
                    Object {
                      "correct": true,
                      "text": "我 ngo5 Me",
                      "tipsAndFeedback": Object {
                        "chosenFeedback": "",
                        "notChosenFeedback": "",
                        "tip": "",
                      },
                    },
                    Object {
                      "correct": false,
                      "text": "爸爸 baa4 baa1 Dad",
                      "tipsAndFeedback": Object {
                        "chosenFeedback": "",
                        "notChosenFeedback": "",
                        "tip": "",
                      },
                    },
                    Object {
                      "correct": false,
                      "text": "朋友 pang4 jau5 Friend",
                      "tipsAndFeedback": Object {
                        "chosenFeedback": "",
                        "notChosenFeedback": "",
                        "tip": "",
                      },
                    },
                    Object {
                      "correct": true,
                      "text": "叔叔 suk1 suk1 Uncle",
                      "tipsAndFeedback": Object {
                        "chosenFeedback": "",
                        "notChosenFeedback": "",
                        "tip": "",
                      },
                    },
                    Object {
                      "correct": false,
                      "text": "姨姨 ji1 ji1 Aunt",
                      "tipsAndFeedback": Object {
                        "chosenFeedback": "",
                        "notChosenFeedback": "",
                        "tip": "",
                      },
                    },
                    Object {
                      "correct": false,
                      "text": "同學 tung4 hok6 Schoolmate",
                      "tipsAndFeedback": Object {
                        "chosenFeedback": "",
                        "notChosenFeedback": "",
                        "tip": "",
                      },
                    },
                    Object {
                      "correct": true,
                      "text": "婆婆 po4 po2 Grandma",
                      "tipsAndFeedback": Object {
                        "chosenFeedback": "",
                        "notChosenFeedback": "",
                        "tip": "",
                      },
                    },
                    Object {
                      "correct": false,
                      "text": "爺爺 je4 je2 Grandpa",
                      "tipsAndFeedback": Object {
                        "chosenFeedback": "",
                        "notChosenFeedback": "",
                        "tip": "",
                      },
                    },
                    Object {
                      "correct": false,
                      "text": "老師 lou5 si1 Teacher",
                      "tipsAndFeedback": Object {
                        "chosenFeedback": "",
                        "notChosenFeedback": "",
                        "tip": "",
                      },
                    },
                  ],
                  "behaviour": Object {
                    "autoCheck": false,
                    "confirmCheckDialog": false,
                    "confirmRetryDialog": false,
                    "enableCheckButton": true,
                    "enableRetry": true,
                    "enableSolutionsButton": true,
                    "passPercentage": 100,
                    "randomAnswers": true,
                    "showScorePoints": true,
                    "showSolutionsRequiresInput": true,
                    "singlePoint": false,
                    "type": "auto",
                  },
                  "confirmCheck": Object {
                    "body": "Are you sure you wish to finish ?",
                    "cancelLabel": "Cancel",
                    "confirmLabel": "Finish",
                    "header": "Finish ?",
                  },
                  "confirmRetry": Object {
                    "body": "Are you sure you wish to retry ?",
                    "cancelLabel": "Cancel",
                    "confirmLabel": "Confirm",
                    "header": "Retry ?",
                  },
                  "media": Object {
                    "disableImageZooming": false,
                  },
                  "overallFeedback": Array [
                    Object {
                      "from": 0,
                      "to": 100,
                    },
                  ],
                  "question": "故事入面，有邊個搭巴士?

gu3 si6 jap6 min6, jau5 bin1 go3 daap3 baa1 si2?

Who took the bus in the tory?",
                },
              ],
              "subContentId": "9ee54ca7-18e2-48d1-9c5e-277212ed7d9f",
            },
            "adaptivity": Object {
              "correct": Object {
                "allowOptOut": false,
                "message": undefined,
                "seekTo": undefined,
              },
              "requireCompletion": false,
              "wrong": Object {
                "allowOptOut": false,
                "message": undefined,
                "seekTo": undefined,
              },
            },
            "buttonOnMobile": false,
            "displayType": "poster",
            "duration": Object {
              "from": 254,
              "to": 256,
            },
            "height": 22.494286348318848,
            "label": "Who took the bus?",
            "libraryTitle": "Multiple Choice",
            "pause": true,
            "width": 40,
            "x": 0,
            "y": 0,
          },
        ],
        Object {
          "action": Object {
            "library": "H5P.Text 1.1",
            "metadata": Object {
              "authors": Array [],
              "changes": Array [],
              "contentType": "Text",
              "license": "U",
              "title": "",
            },
            "params": Object {
              "text": "This is some text that you can display without any interaction

You can give instructions, add copyright notices etc.",
            },
            "subContentId": "01409b19-ff53-4253-838d-6eaff9940f8b",
          },
          "buttonOnMobile": false,
          "displayType": "poster",
          "duration": Object {
            "from": 1,
            "to": 1,
          },
          "goto": Object {
            "time": 1,
            "type": "timecode",
            "url": Object {
              "protocol": "http://",
            },
            "visualize": false,
          },
          "height": 19.213973799126638,
          "label": "",
          "libraryTitle": "Text",
          "pause": true,
          "visuals": Object {
            "backgroundColor": "rgb(255, 255, 255)",
            "boxShadow": true,
          },
          "width": 40,
          "x": 0,
          "y": 0,
        },
        Object {
          "action": Object {
            "library": "H5P.Text 1.1",
            "metadata": Object {
              "authors": Array [],
              "changes": Array [],
              "contentType": "Text",
              "license": "U",
              "title": "Next Button",
            },
            "params": Object {
              "text": "<p style=\\"text-align:center\\"><strong>Next</strong></p>
",
            },
            "subContentId": "50884a5c-8285-4982-b319-82e343082b71",
          },
          "buttonOnMobile": false,
          "displayType": "poster",
          "duration": Object {
            "from": 1,
            "to": 1,
          },
          "goto": Object {
            "time": 1,
            "type": "timecode",
            "url": Object {
              "protocol": "http://",
            },
            "visualize": true,
          },
          "height": 3.274585152838428,
          "label": "<p style=\\"text-align:center\\">Next</p>
",
          "libraryTitle": "Text",
          "pause": true,
          "visuals": Object {
            "backgroundColor": "rgb(182, 215, 168)",
            "boxShadow": false,
          },
          "width": 40,
          "x": 0,
          "y": 85.3954391072295,
        },
      ],
    },
    "summary": Object {
      "displayAt": 3,
      "task": Object {
        "library": "H5P.Summary 1.10",
        "metadata": Object {
          "authors": Array [],
          "changes": Array [],
          "contentType": "Summary",
          "extraTitle": "Untitled Summary",
          "license": "U",
          "title": "Untitled Summary",
        },
        "params": Object {
          "alternativeIncorrectLabel": "Incorrect",
          "intro": "Choose the correct statement.",
          "labelCorrect": "Correct.",
          "labelCorrectAnswers": "Correct answers.",
          "labelIncorrect": "Incorrect! Please try again.",
          "overallFeedback": Array [
            Object {
              "from": 0,
              "to": 100,
            },
          ],
          "progressText": "Progress :num of :total",
          "resultLabel": "Your result",
          "scoreBarLabel": "You got :num out of :total points",
          "scoreLabel": "Wrong answers:",
          "solvedLabel": "Progress:",
          "summaries": Array [
            Object {
              "subContentId": "45a65399-905e-42b0-9752-b47eb49447b6",
              "tip": "",
            },
          ],
          "tipButtonLabel": "Show tip",
        },
        "subContentId": "196347c3-2567-4aa5-bce5-cfd6f40ae7aa",
      },
    },
    "video": Object {
      "files": Array [
        Object {
          "copyright": Object {
            "license": "U",
          },
          "mime": "video/YouTube",
          "path": "https://www.youtube.com/watch?v=FwdMr6cYcN0&amp;ab_channel=%E5%86%9A%E5%94%AA%E5%94%A5%E7%B2%B5%E6%96%87%E8%AE%80%E6%9C%ACHambaanglaangCantoneseGradedReaders",
        },
      ],
      "startScreenOptions": Object {
        "hideStartTitle": false,
        "title": "《搭巴士》Taking The Bus (Child, Lv 1): Interactive Video: Cantonese Version",
      },
      "textTracks": Object {
        "videoTrack": Array [
          Object {
            "kind": "subtitles",
            "label": "Subtitles",
            "srcLang": "en",
          },
        ],
      },
    },
  },
  "l10n": Object {
    "answered": "@answered answered",
    "back": "Back",
    "bookmarks": "Bookmarks",
    "captions": "Captions",
    "close": "Close",
    "content": "Content",
    "continueWithVideo": "Continue with video",
    "currentTime": "Current time:",
    "defaultAdaptivitySeekLabel": "Continue",
    "endCardTableRowSummaryWithScore": "You got @score out of @total points for the @question that appeared after @minutes minutes and @seconds seconds.",
    "endCardTableRowSummaryWithoutScore": "You have answered the @question that appeared after @minutes minutes and @seconds seconds.",
    "endcardAnsweredScore": "answered",
    "endcardInformation": "You have answered @answered questions, click below to submit your answers.",
    "endcardInformationMustHaveAnswer": "You have to answer at least one question before you can submit your answers.",
    "endcardInformationNoAnswers": "You have not answered any questions.",
    "endcardInformationOnSubmitButtonDisabled": "You have answered @answered questions.",
    "endcardSubmitButton": "Submit Answers",
    "endcardSubmitMessage": "Your answers have been submitted!",
    "endcardTableRowAnswered": "Answered questions",
    "endcardTableRowScore": "Score",
    "endcardTitle": "@answered Question(s) answered",
    "endscreen": "Submit screen",
    "exitFullscreen": "Exit Fullscreen",
    "fullscreen": "Fullscreen",
    "hours": "Hours",
    "interaction": "Interaction",
    "minutes": "Minutes",
    "multipleInteractionsAnnouncement": "Multiple interactions appeared.",
    "mute": "Mute, currently unmuted",
    "navDisabled": "Navigation is disabled",
    "pause": "Pause",
    "play": "Play",
    "playbackRate": "Playback Rate",
    "quality": "Video Quality",
    "requiresCompletionWarning": "You need to answer all the questions correctly before continuing.",
    "rewind10": "Rewind 10 Seconds",
    "seconds": "Seconds",
    "singleInteractionAnnouncement": "Interaction appeared:",
    "sndDisabled": "Sound is disabled",
    "summary": "Open summary dialog",
    "totalTime": "Total time:",
    "unmute": "Unmute, currently muted",
    "videoPausedAnnouncement": "Video is paused",
  },
  "override": Object {
    "autoplay": true,
    "deactivateSound": false,
    "loop": false,
    "preventSkipping": false,
    "showBookmarksmenuOnLoad": false,
    "showRewind10": true,
  },
}
`;

exports[`Interactive Video Converter initializes and can parse csv 1`] = `
InteractiveVideo {
  "interactions": Array [
    DragText {
      "correctText": undefined,
      "correctTime": undefined,
      "end": 24.882,
      "incorrectText": "Try again",
      "incorrectTime": undefined,
      "libraryTitle": "Drag the Words",
      "splitAdaptiveAction": [Function],
      "start": 22.882,
      "task": "首先， 我*起身 hei2 san1*
sau2 sin1, ngo5 ___. 
First, I ___.

然後， 我*換衫 wun6 saam1*
jin4 hau6, ngo5 ___. 
Then, I ___.

跟住， 我*食包 sik6 baau1*
gan1 zyu6, ngo5 ___. 
After that, I ___.

最後， 我*搭車 daap3 ce1*
zeoi3 hau6, ngo5 ___. 
Finally, I ___.",
      "taskDescription": "將單詞拖到正確嘅方格內。

zoeng1 daan1 ci4 to1 dou3 zing3 kok3 ge3 fong1 gaak3 noi6.

Drag the words into the correct boxes.",
      "template": [Function],
      "title": "Ordering Events",
      "type": "H5P.DragText 1.10",
    },
    SingleChoiceSet {
      "correctText": undefined,
      "correctTime": undefined,
      "end": 31.87,
      "incorrectText": "Review slide 1",
      "incorrectTime": 29.87,
      "libraryTitle": "Single Choice Set",
      "options": Array [
        "媽媽 maa4 maa1 Mom",
        "爸爸 baa4 baa1 Dad",
        "婆婆 po4 po2 Grandma",
        "爺爺 je4 je2 Grandpa",
      ],
      "question": "邊個同你搭巴士?

bin1 go3 tung4 nei5 daap3 baa1 si2?

Who went on the bus with you?",
      "splitAdaptiveAction": [Function],
      "start": 29.87,
      "template": [Function],
      "title": "Who went on the bus with you?",
      "type": "H5P.SingleChoiceSet 1.11",
    },
    TrueFalse {
      "answer": true,
      "correctText": undefined,
      "correctTime": undefined,
      "end": 49,
      "incorrectText": undefined,
      "incorrectTime": undefined,
      "libraryTitle": "True/False Question",
      "question": "十分鐘之後有巴士.

sap6 fan1 zung1 zi1 hau6 jau5 baa1 si2.

There is a bus after 10 minutes.",
      "splitAdaptiveAction": [Function],
      "start": 47,
      "template": [Function],
      "title": "10 Minutes",
      "type": "H5P.TrueFalse 1.8",
    },
    Blanks {
      "correctText": undefined,
      "correctTime": undefined,
      "end": 120.199,
      "incorrectText": undefined,
      "incorrectTime": undefined,
      "libraryTitle": "Fill in the Blanks",
      "splitAdaptiveAction": [Function],
      "start": 118.199,
      "task": "我冇位坐，又*孭/me1*住個大書包，唔係咁開心。

ngo5 mou5 wei2 co5, jau6 __ zyu6 go3 daai6 syu1 baau1, m4 hai6 gam3 hoi1 sam1.

I don't have a seat to sit at, and I have to _____ a big backpack. I'm not very happy.",
      "taskDescription": "喺空格內填上適當嘅中文字或粵拼。

hai2 hung1 gaak3 noi6 tin4 soeng5 sik1 dong3 ge3 zung1 man4 zi6 waak6 jyut6 ping3

Fill in the missing word(s) with Chinese characters or Jyutping.",
      "template": [Function],
      "title": "Carry",
      "type": "H5P.Blanks 1.14",
    },
    DragQuestion {
      "correctText": undefined,
      "correctTime": undefined,
      "end": 179.86,
      "entries": Array [
        Object {
          "dragableText": "叔叔

suk1 suk1

Uncle",
          "dropZoneCaption": "第一 dai6 jat1 First",
        },
        Object {
          "dragableText": "媽媽同我

maa4 maa1 tung4 ngo5

Mom and me",
          "dropZoneCaption": "第二 dai6 ji6 Second",
        },
        Object {
          "dragableText": "婆婆

po4 po2

Grandma",
          "dropZoneCaption": "第三 dai6 saam1 Third",
        },
      ],
      "incorrectText": undefined,
      "incorrectTime": undefined,
      "libraryTitle": "Drag and Drop",
      "splitAdaptiveAction": [Function],
      "start": 177.86,
      "taskDescription": "拖放：佢哋以乜嘢次序上巴士？to1 fong3: keoi5 dei6 ji5 mat1 je5 ci3 zeoi6 soeng5 baa1 si2? Drag and Drop: In what order did these people get on the bus?",
      "template": [Function],
      "title": "",
      "type": "H5P.DragQuestion 1.14",
    },
    FreeTextQuestion {
      "correctText": undefined,
      "correctTime": undefined,
      "end": 255,
      "incorrectText": undefined,
      "incorrectTime": undefined,
      "libraryTitle": "Free Text Question",
      "placeholder": "十五分鐘; sap6 ng5 fan2 zung1; 15 minutes",
      "question": "由你屋企到學校需要幾長時間？jau4 nei5 uk1 kei5 dou3 hok6 haau6 seoi1 jiu3 gei2 coeng4 si4 gaan3? How long does it take to get from your house to school?",
      "splitAdaptiveAction": [Function],
      "start": 253,
      "template": [Function],
      "title": "How long does it take to get from your house to school?",
      "type": "H5P.FreeTextQuestion 1.0",
    },
    MultiChoice {
      "correctText": undefined,
      "correctTime": undefined,
      "end": 256,
      "incorrectText": undefined,
      "incorrectTime": undefined,
      "libraryTitle": "Multiple Choice",
      "options": Array [
        Object {
          "correct": true,
          "text": "我 ngo5 Me",
        },
        Object {
          "correct": true,
          "text": "我 ngo5 Me",
        },
        Object {
          "correct": false,
          "text": "爸爸 baa4 baa1 Dad",
        },
        Object {
          "correct": false,
          "text": "朋友 pang4 jau5 Friend",
        },
        Object {
          "correct": true,
          "text": "叔叔 suk1 suk1 Uncle",
        },
        Object {
          "correct": false,
          "text": "姨姨 ji1 ji1 Aunt",
        },
        Object {
          "correct": false,
          "text": "同學 tung4 hok6 Schoolmate",
        },
        Object {
          "correct": true,
          "text": "婆婆 po4 po2 Grandma",
        },
        Object {
          "correct": false,
          "text": "爺爺 je4 je2 Grandpa",
        },
        Object {
          "correct": false,
          "text": "老師 lou5 si1 Teacher",
        },
      ],
      "question": "故事入面，有邊個搭巴士?

gu3 si6 jap6 min6, jau5 bin1 go3 daap3 baa1 si2?

Who took the bus in the tory?",
      "splitAdaptiveAction": [Function],
      "start": 254,
      "template": [Function],
      "title": "Who took the bus?",
      "type": "H5P.MultiChoice 1.16",
    },
    Text {
      "correctText": undefined,
      "correctTime": undefined,
      "end": 1,
      "incorrectText": undefined,
      "incorrectTime": undefined,
      "libraryTitle": "Text",
      "splitAdaptiveAction": [Function],
      "start": 1,
      "template": [Function],
      "text": "This is some text that you can display without any interaction

You can give instructions, add copyright notices etc.",
      "title": "",
      "type": "H5P.Text 1.1",
    },
  ],
  "mediaLink": "https://www.youtube.com/watch?v=FwdMr6cYcN0&amp;ab_channel=%E5%86%9A%E5%94%AA%E5%94%A5%E7%B2%B5%E6%96%87%E8%AE%80%E6%9C%ACHambaanglaangCantoneseGradedReaders",
  "template": [Function],
  "title": "《搭巴士》Taking The Bus (Child, Lv 1): Interactive Video: Cantonese Version",
}
`;
